// Jest Snapshot v1, https://goo.gl/fbAQLP

exports[`workers/repository/process/index processRepo() processes baseBranches 1`] = `
Object {
  "branchList": Array [
    undefined,
    undefined,
  ],
  "branches": Array [
    undefined,
    undefined,
  ],
  "res": undefined,
}
`;

exports[`workers/repository/process/index processRepo() processes single branches 1`] = `undefined`;
