// Jest Snapshot v1, https://goo.gl/fbAQLP

exports[`manager/maven/extract extractDependencies extract dependencies from any XML position 1`] = `
Object {
  "datasource": "maven",
  "deps": Array [
    Object {
      "currentValue": "42",
      "datasource": "maven",
      "depName": "org.example:parent",
      "fileReplacePosition": 186,
      "registryUrls": Array [
        "https://repo.maven.apache.org/maven2",
        "https://maven.atlassian.com/content/repositories/atlassian-public/",
      ],
    },
    Object {
      "currentValue": "0.0.1",
      "datasource": "maven",
      "depName": "org.example:foo",
      "fileReplacePosition": 905,
      "registryUrls": Array [
        "https://repo.maven.apache.org/maven2",
        "https://maven.atlassian.com/content/repositories/atlassian-public/",
      ],
    },
    Object {
      "currentValue": "1.0.0",
      "datasource": "maven",
      "depName": "org.example:bar",
      "fileReplacePosition": 1053,
      "registryUrls": Array [
        "https://repo.maven.apache.org/maven2",
        "https://maven.atlassian.com/content/repositories/atlassian-public/",
      ],
    },
    Object {
      "currentValue": "2.4.2",
      "datasource": "maven",
      "depName": "org.apache.maven.plugins:maven-release-plugin",
      "fileReplacePosition": 1287,
      "registryUrls": Array [
        "https://repo.maven.apache.org/maven2",
        "https://maven.atlassian.com/content/repositories/atlassian-public/",
      ],
    },
    Object {
      "currentValue": "1.8.1",
      "datasource": "maven",
      "depName": "org.apache.maven.scm:maven-scm-provider-gitexe",
      "fileReplacePosition": 1485,
      "registryUrls": Array [
        "https://repo.maven.apache.org/maven2",
        "https://maven.atlassian.com/content/repositories/atlassian-public/",
      ],
    },
    Object {
      "currentValue": "0.0.1",
      "datasource": "maven",
      "depName": "org.example:\${artifact-id-placeholder}",
      "fileReplacePosition": 2230,
      "registryUrls": Array [
        "https://repo.maven.apache.org/maven2",
        "https://maven.atlassian.com/content/repositories/atlassian-public/",
      ],
    },
    Object {
      "currentValue": "0.0.1",
      "datasource": "maven",
      "depName": "\${group-id-placeholder}:baz",
      "fileReplacePosition": 2380,
      "registryUrls": Array [
        "https://repo.maven.apache.org/maven2",
        "https://maven.atlassian.com/content/repositories/atlassian-public/",
      ],
    },
    Object {
      "currentValue": "\${quuxVersion}",
      "datasource": "maven",
      "depName": "\${quuxGroup}:\${quuxId}",
      "fileReplacePosition": 2525,
      "registryUrls": Array [
        "https://repo.maven.apache.org/maven2",
        "https://maven.atlassian.com/content/repositories/atlassian-public/",
      ],
    },
    Object {
      "currentValue": "\${quuxVersion}",
      "datasource": "maven",
      "depName": "\${quuxGroup}:\${quuxId}-test",
      "fileReplacePosition": 2684,
      "registryUrls": Array [
        "https://repo.maven.apache.org/maven2",
        "https://maven.atlassian.com/content/repositories/atlassian-public/",
      ],
    },
    Object {
      "currentValue": "1.2.3",
      "datasource": "maven",
      "depName": "org.example:quuz",
      "depType": "test",
      "fileReplacePosition": 2832,
      "registryUrls": Array [
        "https://repo.maven.apache.org/maven2",
        "https://maven.atlassian.com/content/repositories/atlassian-public/",
      ],
    },
    Object {
      "currentValue": "it's not a version",
      "datasource": "maven",
      "depName": "org.example:quuuz",
      "fileReplacePosition": 2998,
      "registryUrls": Array [
        "https://repo.maven.apache.org/maven2",
        "https://maven.atlassian.com/content/repositories/atlassian-public/",
      ],
    },
    Object {
      "currentValue": "[1.0.0]",
      "datasource": "maven",
      "depName": "org.example:hard-range",
      "fileReplacePosition": 3156,
      "registryUrls": Array [
        "https://repo.maven.apache.org/maven2",
        "https://maven.atlassian.com/content/repositories/atlassian-public/",
      ],
    },
    Object {
      "currentValue": "\${profile-placeholder}",
      "datasource": "maven",
      "depName": "org.example:profile-artifact",
      "fileReplacePosition": 3418,
      "registryUrls": Array [
        "https://repo.maven.apache.org/maven2",
        "https://maven.atlassian.com/content/repositories/atlassian-public/",
      ],
    },
    Object {
      "currentValue": "2.17",
      "datasource": "maven",
      "depName": "org.apache.maven.plugins:maven-checkstyle-plugin",
      "fileReplacePosition": 3694,
      "registryUrls": Array [
        "https://repo.maven.apache.org/maven2",
        "https://maven.atlassian.com/content/repositories/atlassian-public/",
      ],
    },
  ],
  "mavenProps": Object {
    "quuxGroup": Object {
      "fileReplacePosition": 631,
      "packageFile": null,
      "val": "org.example",
    },
    "quuxId": Object {
      "fileReplacePosition": 667,
      "packageFile": null,
      "val": "quux",
    },
    "quuxVersion": Object {
      "fileReplacePosition": 698,
      "packageFile": null,
      "val": "1.2.3.4",
    },
  },
  "packageFile": null,
}
`;

exports[`manager/maven/extract extractDependencies tries minimum manifests 1`] = `
Object {
  "datasource": "maven",
  "deps": Array [],
  "mavenProps": Object {},
  "packageFile": null,
}
`;
