// Jest Snapshot v1, https://goo.gl/fbAQLP

exports[`workers/repository/errors-warnings getDepWarningsDashboard() returns dependency dashboard warning text: 
        "
        ---

        > ⚠️ **Warning**
        >
        > Renovate failed to look up the following dependencies: \`dependency-1\`, \`dependency-2\`.
        >
        > Files affected: \`package.json\`, \`backend/package.json\`, \`Dockerfile\`

        ---

        "
       1`] = `
"
---

> ⚠️ **Warning**
> 
> Renovate failed to look up the following dependencies: \`dependency-1\`, \`dependency-2\`.
> 
> Files affected: \`package.json\`, \`backend/package.json\`, \`Dockerfile\`

---

"
`;

exports[`workers/repository/errors-warnings getDepWarningsOnboardingPR() returns onboarding warning text: 
        "
        ---
        >
        > ⚠️ **Warning**
        >
        > Please correct - or verify that you can safely ignore - these dependency lookup failures before you merge this PR.
        >
        > -   \`Warning 1\`
        > -   \`Warning 2\`
        >
        > Files affected: \`package.json\`, \`backend/package.json\`, \`Dockerfile\`

        "
       1`] = `
"
---
> 
> ⚠️ **Warning**
> 
> Please correct - or verify that you can safely ignore - these dependency lookup failures before you merge this PR.
> 
> -   \`Warning 1\`
> -   \`Warning 2\`
> 
> Files affected: \`package.json\`, \`backend/package.json\`, \`Dockerfile\`

"
`;

exports[`workers/repository/errors-warnings getErrors() returns error text: 
        "
        # Errors (1)

        Renovate has found errors that you should fix (in this branch) before finishing this PR.

        -   \`renovate.json\`: Failed to parse

        ---
        "
       1`] = `
"
# Errors (1)

Renovate has found errors that you should fix (in this branch) before finishing this PR.

-   \`renovate.json\`: Failed to parse

---
"
`;

exports[`workers/repository/errors-warnings getPrWarnings() returns 2 pr warnings text dependencyDashboard false: 
        "
        ---

        > ⚠️ **Warning**
        >
        > Some dependencies could not be looked up. Check the warning logs for more information.

        "
       1`] = `
"
---

> ⚠️ **Warning**
> 
> Some dependencies could not be looked up. Check the warning logs for more information.

"
`;

exports[`workers/repository/errors-warnings getPrWarnings() returns 2 pr warnings text dependencyDashboard true: 
        "
        ---

        > ⚠️ **Warning**
        >
        > Some dependencies could not be looked up. Check the Dependency Dashboard for more information.

        "
       1`] = `
"
---

> ⚠️ **Warning**
> 
> Some dependencies could not be looked up. Check the Dependency Dashboard for more information.

"
`;

exports[`workers/repository/errors-warnings getWarnings() returns warning text: 
        "
        # Warnings (1)

        Please correct - or verify that you can safely ignore - these warnings before you merge this PR.

        -   \`foo\`: Failed to look up dependency

        ---
        "
       1`] = `
"
# Warnings (1)

Please correct - or verify that you can safely ignore - these warnings before you merge this PR.

-   \`foo\`: Failed to look up dependency

---
"
`;
