// Jest Snapshot v1, https://goo.gl/fbAQLP

exports[`platform/git/storage getCommitMessages() returns commit messages 1`] = `
Array [
  "master message",
  "past message",
]
`;

exports[`platform/git/storage getFile(filePath, branchName) returns null for 404 1`] = `[Error: repository-changed]`;

exports[`platform/git/storage getFileList() should return the correct files 1`] = `Array []`;

exports[`platform/git/storage mergeBranch(branchName) should throw if branch merge throws 1`] = `[TypeError: Cannot read property 'reset' of null]`;
