// Jest Snapshot v1, https://goo.gl/fbAQLP

exports[`lib/manager/docker-compose/extract extractDependencies() extracts multiple image lines 1`] = `
Array [
  Object {
    "currentDepTag": "something/redis:alpine",
    "currentDepTagDigest": "something/redis:alpine",
    "currentDigest": undefined,
    "currentFrom": "quay.io/something/redis:alpine",
    "currentTag": "alpine",
    "depName": "something/redis",
    "depType": "Docker Compose",
    "dockerRegistry": "quay.io",
    "lineNumber": 4,
  },
  Object {
    "currentDepTag": "postgres:9.4.0",
    "currentDepTagDigest": "postgres:9.4.0",
    "currentDigest": undefined,
    "currentFrom": "postgres:9.4.0",
    "currentTag": "9.4.0",
    "depName": "postgres",
    "depType": "Docker Compose",
    "dockerRegistry": undefined,
    "lineNumber": 18,
  },
  Object {
    "currentDepTag": "dockersamples/examplevotingapp_vote:before",
    "currentDepTagDigest": "dockersamples/examplevotingapp_vote:before",
    "currentDigest": undefined,
    "currentFrom": "dockersamples/examplevotingapp_vote:before",
    "currentTag": "before",
    "depName": "dockersamples/examplevotingapp_vote",
    "depType": "Docker Compose",
    "dockerRegistry": undefined,
    "lineNumber": 28,
  },
  Object {
    "currentDepTag": "dockersamples/examplevotingapp_result:before",
    "currentDepTagDigest": "dockersamples/examplevotingapp_result:before",
    "currentDigest": undefined,
    "currentFrom": "dockersamples/examplevotingapp_result:before",
    "currentTag": "before",
    "depName": "dockersamples/examplevotingapp_result",
    "depType": "Docker Compose",
    "dockerRegistry": undefined,
    "lineNumber": 43,
  },
  Object {
    "currentDepTag": "dockersamples/examplevotingapp_worker",
    "currentDepTagDigest": "dockersamples/examplevotingapp_worker",
    "currentDigest": undefined,
    "currentFrom": "dockersamples/examplevotingapp_worker",
    "currentTag": undefined,
    "depName": "dockersamples/examplevotingapp_worker",
    "depType": "Docker Compose",
    "dockerRegistry": undefined,
    "lineNumber": 59,
  },
  Object {
    "currentDepTag": "dockersamples/visualizer:stable",
    "currentDepTagDigest": "dockersamples/visualizer:stable",
    "currentDigest": undefined,
    "currentFrom": "dockersamples/visualizer:stable",
    "currentTag": "stable",
    "depName": "dockersamples/visualizer",
    "depType": "Docker Compose",
    "dockerRegistry": undefined,
    "lineNumber": 76,
  },
]
`;
