// Jest Snapshot v1, https://goo.gl/fbAQLP

exports[`manager/deps-edn/extract extractPackageFile 1`] = `
Object {
  "deps": Array [
    Object {
      "currentValue": "0.1.2",
      "datasource": "clojure",
      "depName": "persistent-sorted-set:persistent-sorted-set",
      "fileReplacePosition": 53,
      "registryUrls": Array [],
    },
    Object {
      "currentValue": "1.9.0",
      "datasource": "clojure",
      "depName": "org.clojure:clojure",
      "fileReplacePosition": 147,
      "registryUrls": Array [],
    },
    Object {
      "currentValue": "1.10.0",
      "datasource": "clojure",
      "depName": "org.clojure:clojure",
      "fileReplacePosition": 241,
      "registryUrls": Array [],
    },
    Object {
      "currentValue": "1.10.520",
      "datasource": "clojure",
      "depName": "org.clojure:clojurescript",
      "fileReplacePosition": 389,
      "registryUrls": Array [],
    },
    Object {
      "currentValue": "0.2.11",
      "datasource": "clojure",
      "depName": "org.clojure:tools.namespace",
      "fileReplacePosition": 451,
      "registryUrls": Array [],
    },
    Object {
      "currentValue": "1.10.520",
      "datasource": "clojure",
      "depName": "org.clojure:clojurescript",
      "fileReplacePosition": 584,
      "registryUrls": Array [],
    },
    Object {
      "currentValue": "0.0-389",
      "datasource": "clojure",
      "depName": "lambdaisland:kaocha",
      "fileReplacePosition": 644,
      "registryUrls": Array [],
    },
    Object {
      "currentValue": "0.0-21",
      "datasource": "clojure",
      "depName": "lambdaisland:kaocha-cljs",
      "fileReplacePosition": 703,
      "registryUrls": Array [],
    },
    Object {
      "currentValue": "0.21.1",
      "datasource": "clojure",
      "depName": "cider:cider-nrepl",
      "fileReplacePosition": 810,
      "registryUrls": Array [],
    },
    Object {
      "currentValue": "0.6.0",
      "datasource": "clojure",
      "depName": "nrepl:nrepl",
      "fileReplacePosition": 870,
      "registryUrls": Array [],
    },
    Object {
      "currentValue": "0.2.11",
      "datasource": "clojure",
      "depName": "org.clojure:tools.namespace",
      "fileReplacePosition": 929,
      "registryUrls": Array [],
    },
    Object {
      "currentValue": "0.9.5703",
      "datasource": "clojure",
      "depName": "com.datomic:datomic-free",
      "fileReplacePosition": 1141,
      "registryUrls": Array [],
    },
  ],
}
`;
