// Jest Snapshot v1, https://goo.gl/fbAQLP

exports[`lib/manager/pipenv/extract extractPackageFile() extracts dependencies 1`] = `
Array [
  Object {
    "currentValue": "==0.3.1",
    "datasource": "pypi",
    "depName": "some-package",
    "depType": "packages",
    "pipenvNestedVersion": false,
    "registryUrls": Array [
      "https://pypi.org/simple",
      "http://example.com/private-pypi/",
    ],
  },
  Object {
    "currentValue": "==1.0.0",
    "datasource": "pypi",
    "depName": "some-other-package",
    "depType": "packages",
    "pipenvNestedVersion": false,
    "registryUrls": Array [
      "https://pypi.org/simple",
      "http://example.com/private-pypi/",
    ],
  },
  Object {
    "currentValue": "==1.0.0",
    "datasource": "pypi",
    "depName": "pytest-benchmark",
    "depType": "packages",
    "pipenvNestedVersion": true,
    "registryUrls": Array [
      "https://pypi.org/simple",
      "http://example.com/private-pypi/",
    ],
  },
  Object {
    "currentValue": "==0.1.0",
    "datasource": "pypi",
    "depName": "dev-package",
    "depType": "dev-packages",
    "pipenvNestedVersion": false,
    "registryUrls": Array [
      "https://pypi.org/simple",
      "http://example.com/private-pypi/",
    ],
  },
]
`;

exports[`lib/manager/pipenv/extract extractPackageFile() extracts multiple dependencies 1`] = `
Array [
  Object {
    "currentValue": "==1",
    "datasource": "pypi",
    "depName": "Django",
    "depType": "packages",
    "pipenvNestedVersion": false,
    "registryUrls": Array [
      "https://pypi.org/simple",
    ],
  },
  Object {
    "currentValue": "==0.6.27",
    "datasource": "pypi",
    "depName": "distribute",
    "depType": "packages",
    "pipenvNestedVersion": false,
    "registryUrls": Array [
      "https://pypi.org/simple",
    ],
  },
  Object {
    "currentValue": "==0.2",
    "datasource": "pypi",
    "depName": "dj-database-url",
    "depType": "packages",
    "pipenvNestedVersion": false,
    "registryUrls": Array [
      "https://pypi.org/simple",
    ],
  },
  Object {
    "currentValue": "==2.4.5",
    "datasource": "pypi",
    "depName": "psycopg2",
    "depType": "packages",
    "pipenvNestedVersion": false,
    "registryUrls": Array [
      "https://pypi.org/simple",
    ],
  },
  Object {
    "currentValue": "==0.1.2",
    "datasource": "pypi",
    "depName": "wsgiref",
    "depType": "packages",
    "pipenvNestedVersion": false,
    "registryUrls": Array [
      "https://pypi.org/simple",
    ],
  },
]
`;
