// Jest Snapshot v1, https://goo.gl/fbAQLP

exports[`workers/repository/updates/flatten flattenUpdates() flattens 1`] = `
Array [
  Object {
    "depName": "@org/a",
    "depNameShort": "@org/a",
  },
  Object {
    "depName": "foo",
    "depNameShort": "foo",
  },
  Object {
    "depName": "bar",
    "depNameShort": "bar",
  },
  Object {
    "depName": "baz",
    "depNameShort": "baz",
  },
  Object {
    "depName": "amd64/node",
    "depNameShort": "amd64/node",
  },
  Object {
    "depName": "calico/node",
    "depNameShort": "calico/node",
  },
  Object {
    "depName": "github.com/Parallels/docker-machine-parallels",
    "depNameShort": "Parallels/docker-machine-parallels",
  },
  Object {
    "depName": "gopkg.in/yaml.v2",
    "depNameShort": "yaml",
  },
  Object {
    "depName": "gopkg.in/warnings.v0",
    "depNameShort": "warnings",
  },
]
`;
