// Jest Snapshot v1, https://goo.gl/fbAQLP

exports[`platform/azure/azure-got-wrapper gitApi should set token and endpoint 1`] = `
WebApi {
  "authHandler": PersonalAccessTokenCredentialHandler {
    "token": "token",
  },
  "isNoProxyHost": [Function],
  "options": Object {
    "ignoreSslError": false,
  },
  "rest": RestClient {
    "client": HttpClient {
      "_allowRedirects": true,
      "_allowRetries": false,
      "_certConfig": undefined,
      "_disposed": false,
      "_httpProxy": undefined,
      "_ignoreSslError": false,
      "_keepAlive": false,
      "_maxRedirects": 50,
      "_maxRetries": 1,
      "_socketTimeout": undefined,
      "handlers": Array [
        PersonalAccessTokenCredentialHandler {
          "token": "token",
        },
      ],
      "requestOptions": Object {
        "ignoreSslError": false,
      },
    },
  },
  "serverUrl": "https://dev.azure.com/renovate12345",
  "vsoClient": VsoClient {
    "_initializationPromise": Promise {},
    "_locationsByAreaPromises": Object {},
    "basePath": "/renovate12345",
    "baseUrl": "https://dev.azure.com/renovate12345",
    "restClient": RestClient {
      "client": HttpClient {
        "_allowRedirects": true,
        "_allowRetries": false,
        "_certConfig": undefined,
        "_disposed": false,
        "_httpProxy": undefined,
        "_ignoreSslError": false,
        "_keepAlive": false,
        "_maxRedirects": 50,
        "_maxRetries": 1,
        "_socketTimeout": undefined,
        "handlers": Array [
          PersonalAccessTokenCredentialHandler {
            "token": "token",
          },
        ],
        "requestOptions": Object {
          "ignoreSslError": false,
        },
      },
    },
  },
}
`;
