// Jest Snapshot v1, https://goo.gl/fbAQLP

exports[`workers/repository/init/config mergeRenovateConfig() returns error if cannot parse 1`] = `"renovate.json"`;

exports[`workers/repository/init/config mergeRenovateConfig() returns error if cannot parse 2`] = `"Invalid JSON (parsing failed)"`;

exports[`workers/repository/init/config mergeRenovateConfig() returns error if cannot parse 3`] = `"Syntax error near cannot par"`;

exports[`workers/repository/init/config mergeRenovateConfig() throws error if duplicate keys 1`] = `".renovaterc"`;

exports[`workers/repository/init/config mergeRenovateConfig() throws error if duplicate keys 2`] = `"Duplicate keys in JSON"`;

exports[`workers/repository/init/config mergeRenovateConfig() throws error if duplicate keys 3`] = `"\\"Syntax error: duplicated keys \\\\\\"enabled\\\\\\" near \\\\\\": false }\\""`;

exports[`workers/repository/init/config mergeRenovateConfig() throws error if misconfigured 1`] = `[Error: config-validation]`;
