// Vitest Snapshot v1, https://vitest.dev/guide/snapshot.html

exports[`modules/manager/swift/index > extractPackageFile() > parses multiple packages 1`] = `
{
  "deps": [
    {
      "currentValue": ""master"
        ",
      "datasource": "github-tags",
      "depName": "0x7fs/CountedSet",
    },
    {
      "currentValue": "0.1.0",
      "datasource": "github-tags",
      "depName": "avito-tech/GraphiteClient",
    },
    {
      "currentValue": "1.0.16",
      "datasource": "github-tags",
      "depName": "IBM-Swift/BlueSignals",
    },
    {
      "currentValue": "1.2.1",
      "datasource": "github-tags",
      "depName": "apple/swift-argument-parser",
    },
    {
      "currentValue": ""UpdateSocket"
        ",
      "datasource": "github-tags",
      "depName": "beefon/Shout",
    },
    {
      "currentValue": "3.0.6",
      "datasource": "github-tags",
      "depName": "daltoniam/Starscream",
    },
    {
      "currentValue": "1.4.6",
      "datasource": "github-tags",
      "depName": "httpswift/swifter",
    },
    {
      "currentValue": "from : "0.9.6"",
      "datasource": "github-tags",
      "depName": "weichsel/ZIPFoundation",
    },
    {
      "currentValue": ""swift-5.0-branch"
    ",
      "datasource": "github-tags",
      "depName": "apple/swift-package-manager",
    },
  ],
}
`;
