// Jest Snapshot v1, https://goo.gl/fbAQLP

exports[`manager/html/extract extractPackageFile 1`] = `
Object {
  "deps": Array [
    Object {
      "currentValue": "15.6.1",
      "datasource": "cdnjs",
      "depName": "prop-types",
      "lookupName": "prop-types/prop-types.min.js",
      "managerData": Object {
        "tagLength": 124,
        "tagPosition": 201,
      },
    },
    Object {
      "currentValue": "16.3.2",
      "datasource": "cdnjs",
      "depName": "react",
      "lookupName": "react/umd",
      "managerData": Object {
        "tagLength": 129,
        "tagPosition": 339,
      },
    },
    Object {
      "currentValue": "16.3.2",
      "datasource": "cdnjs",
      "depName": "react-dom",
      "lookupName": "react-dom/umd",
      "managerData": Object {
        "tagLength": 137,
        "tagPosition": 482,
      },
    },
    Object {
      "currentValue": "2.2.1",
      "datasource": "cdnjs",
      "depName": "react-transition-group",
      "lookupName": "react-transition-group/react-transition-group.min.js",
      "managerData": Object {
        "tagLength": 147,
        "tagPosition": 984,
      },
    },
    Object {
      "currentValue": "1.14.3",
      "datasource": "cdnjs",
      "depName": "popper.js",
      "lookupName": "popper.js/umd",
      "managerData": Object {
        "tagLength": 123,
        "tagPosition": 1145,
      },
    },
    Object {
      "currentValue": "0.10.4",
      "datasource": "cdnjs",
      "depName": "react-popper",
      "lookupName": "react-popper/umd",
      "managerData": Object {
        "tagLength": 132,
        "tagPosition": 1282,
      },
    },
    Object {
      "currentValue": "7.1.0",
      "datasource": "cdnjs",
      "depName": "reactstrap",
      "lookupName": "reactstrap/reactstrap.min.js",
      "managerData": Object {
        "tagLength": 88,
        "tagPosition": 1452,
      },
    },
    Object {
      "currentValue": "4.3.1",
      "datasource": "cdnjs",
      "depName": "react-router",
      "lookupName": "react-router/react-router.min.js",
      "managerData": Object {
        "tagLength": 93,
        "tagPosition": 1554,
      },
    },
    Object {
      "currentValue": "4.0.6",
      "datasource": "cdnjs",
      "depName": "react-markdown",
      "lookupName": "react-markdown/react-markdown.js",
      "managerData": Object {
        "tagLength": 92,
        "tagPosition": 1663,
      },
    },
    Object {
      "currentValue": "0.18.0",
      "datasource": "cdnjs",
      "depName": "axios",
      "lookupName": "axios/axios.min.js",
      "managerData": Object {
        "tagLength": 179,
        "tagPosition": 1866,
      },
    },
  ],
}
`;
