// Jest Snapshot v1, https://goo.gl/fbAQLP

exports[`modules/datasource/golang-version/index getReleases parses real data 1`] = `
{
  "homepage": "https://go.dev/",
  "registryUrl": "https://raw.githubusercontent.com/golang/website/",
  "releases": [
    {
      "releaseTimestamp": "2012-03-28T00:00:00.000Z",
      "version": "1.0.0",
    },
    {
      "releaseTimestamp": "2013-05-13T00:00:00.000Z",
      "version": "1.1.0",
    },
    {
      "releaseTimestamp": "2013-12-01T00:00:00.000Z",
      "version": "1.2.0",
    },
    {
      "releaseTimestamp": "2014-06-18T00:00:00.000Z",
      "version": "1.3.0",
    },
    {
      "releaseTimestamp": "2014-12-10T00:00:00.000Z",
      "version": "1.4.0",
    },
    {
      "releaseTimestamp": "2015-08-19T00:00:00.000Z",
      "version": "1.5.0",
    },
    {
      "releaseTimestamp": "2016-02-17T00:00:00.000Z",
      "version": "1.6.0",
    },
    {
      "releaseTimestamp": "2016-08-15T00:00:00.000Z",
      "version": "1.7.0",
    },
    {
      "releaseTimestamp": "2017-02-16T00:00:00.000Z",
      "version": "1.8.0",
    },
    {
      "releaseTimestamp": "2017-08-24T00:00:00.000Z",
      "version": "1.9.0",
    },
    {
      "releaseTimestamp": "2017-10-04T00:00:00.000Z",
      "version": "1.9.1",
    },
    {
      "releaseTimestamp": "2017-10-25T00:00:00.000Z",
      "version": "1.9.2",
    },
    {
      "releaseTimestamp": "2018-01-22T00:00:00.000Z",
      "version": "1.9.3",
    },
    {
      "releaseTimestamp": "2018-02-07T00:00:00.000Z",
      "version": "1.9.4",
    },
    {
      "releaseTimestamp": "2018-03-28T00:00:00.000Z",
      "version": "1.9.5",
    },
    {
      "releaseTimestamp": "2018-05-01T00:00:00.000Z",
      "version": "1.9.6",
    },
    {
      "releaseTimestamp": "2018-06-05T00:00:00.000Z",
      "version": "1.9.7",
    },
    {
      "releaseTimestamp": "2018-02-16T00:00:00.000Z",
      "version": "1.10.0",
    },
    {
      "releaseTimestamp": "2018-03-28T00:00:00.000Z",
      "version": "1.10.1",
    },
    {
      "releaseTimestamp": "2018-05-01T00:00:00.000Z",
      "version": "1.10.2",
    },
    {
      "releaseTimestamp": "2018-06-05T00:00:00.000Z",
      "version": "1.10.3",
    },
    {
      "releaseTimestamp": "2018-08-24T00:00:00.000Z",
      "version": "1.10.4",
    },
    {
      "releaseTimestamp": "2018-11-02T00:00:00.000Z",
      "version": "1.10.5",
    },
    {
      "releaseTimestamp": "2018-12-12T00:00:00.000Z",
      "version": "1.10.6",
    },
    {
      "releaseTimestamp": "2018-12-14T00:00:00.000Z",
      "version": "1.10.7",
    },
    {
      "releaseTimestamp": "2019-01-23T00:00:00.000Z",
      "version": "1.10.8",
    },
    {
      "releaseTimestamp": "2018-08-24T00:00:00.000Z",
      "version": "1.11.0",
    },
    {
      "releaseTimestamp": "2018-10-01T00:00:00.000Z",
      "version": "1.11.1",
    },
    {
      "releaseTimestamp": "2018-11-02T00:00:00.000Z",
      "version": "1.11.2",
    },
    {
      "releaseTimestamp": "2018-12-12T00:00:00.000Z",
      "version": "1.11.3",
    },
    {
      "releaseTimestamp": "2018-12-14T00:00:00.000Z",
      "version": "1.11.4",
    },
    {
      "releaseTimestamp": "2019-01-23T00:00:00.000Z",
      "version": "1.11.5",
    },
    {
      "releaseTimestamp": "2019-03-14T00:00:00.000Z",
      "version": "1.11.6",
    },
    {
      "releaseTimestamp": "2019-04-05T00:00:00.000Z",
      "version": "1.11.7",
    },
    {
      "releaseTimestamp": "2019-04-08T00:00:00.000Z",
      "version": "1.11.8",
    },
    {
      "releaseTimestamp": "2019-04-11T00:00:00.000Z",
      "version": "1.11.9",
    },
    {
      "releaseTimestamp": "2019-05-06T00:00:00.000Z",
      "version": "1.11.10",
    },
    {
      "releaseTimestamp": "2019-06-11T00:00:00.000Z",
      "version": "1.11.11",
    },
    {
      "releaseTimestamp": "2019-07-08T00:00:00.000Z",
      "version": "1.11.12",
    },
    {
      "releaseTimestamp": "2019-08-13T00:00:00.000Z",
      "version": "1.11.13",
    },
    {
      "releaseTimestamp": "2019-02-25T00:00:00.000Z",
      "version": "1.12.0",
    },
    {
      "releaseTimestamp": "2019-03-14T00:00:00.000Z",
      "version": "1.12.1",
    },
    {
      "releaseTimestamp": "2019-04-05T00:00:00.000Z",
      "version": "1.12.2",
    },
    {
      "releaseTimestamp": "2019-04-08T00:00:00.000Z",
      "version": "1.12.3",
    },
    {
      "releaseTimestamp": "2019-04-11T00:00:00.000Z",
      "version": "1.12.4",
    },
    {
      "releaseTimestamp": "2019-05-06T00:00:00.000Z",
      "version": "1.12.5",
    },
    {
      "releaseTimestamp": "2019-06-11T00:00:00.000Z",
      "version": "1.12.6",
    },
    {
      "releaseTimestamp": "2019-07-08T00:00:00.000Z",
      "version": "1.12.7",
    },
    {
      "releaseTimestamp": "2019-08-13T00:00:00.000Z",
      "version": "1.12.8",
    },
    {
      "releaseTimestamp": "2019-08-15T00:00:00.000Z",
      "version": "1.12.9",
    },
    {
      "releaseTimestamp": "2019-09-25T00:00:00.000Z",
      "version": "1.12.10",
    },
    {
      "releaseTimestamp": "2019-10-17T00:00:00.000Z",
      "version": "1.12.11",
    },
    {
      "releaseTimestamp": "2019-10-17T00:00:00.000Z",
      "version": "1.12.12",
    },
    {
      "releaseTimestamp": "2019-10-31T00:00:00.000Z",
      "version": "1.12.13",
    },
    {
      "releaseTimestamp": "2019-12-04T00:00:00.000Z",
      "version": "1.12.14",
    },
    {
      "releaseTimestamp": "2020-01-09T00:00:00.000Z",
      "version": "1.12.15",
    },
    {
      "releaseTimestamp": "2020-01-28T00:00:00.000Z",
      "version": "1.12.16",
    },
    {
      "releaseTimestamp": "2020-02-12T00:00:00.000Z",
      "version": "1.12.17",
    },
    {
      "releaseTimestamp": "2019-09-03T00:00:00.000Z",
      "version": "1.13.0",
    },
    {
      "releaseTimestamp": "2019-09-25T00:00:00.000Z",
      "version": "1.13.1",
    },
    {
      "releaseTimestamp": "2019-10-17T00:00:00.000Z",
      "version": "1.13.2",
    },
    {
      "releaseTimestamp": "2019-10-17T00:00:00.000Z",
      "version": "1.13.3",
    },
    {
      "releaseTimestamp": "2019-10-31T00:00:00.000Z",
      "version": "1.13.4",
    },
    {
      "releaseTimestamp": "2019-12-04T00:00:00.000Z",
      "version": "1.13.5",
    },
    {
      "releaseTimestamp": "2020-01-09T00:00:00.000Z",
      "version": "1.13.6",
    },
    {
      "releaseTimestamp": "2020-01-28T00:00:00.000Z",
      "version": "1.13.7",
    },
    {
      "releaseTimestamp": "2020-02-12T00:00:00.000Z",
      "version": "1.13.8",
    },
    {
      "releaseTimestamp": "2020-03-19T00:00:00.000Z",
      "version": "1.13.9",
    },
    {
      "releaseTimestamp": "2020-04-08T00:00:00.000Z",
      "version": "1.13.10",
    },
    {
      "releaseTimestamp": "2020-05-14T00:00:00.000Z",
      "version": "1.13.11",
    },
    {
      "releaseTimestamp": "2020-06-01T00:00:00.000Z",
      "version": "1.13.12",
    },
    {
      "releaseTimestamp": "2020-07-14T00:00:00.000Z",
      "version": "1.13.13",
    },
    {
      "releaseTimestamp": "2020-07-16T00:00:00.000Z",
      "version": "1.13.14",
    },
    {
      "releaseTimestamp": "2020-08-06T00:00:00.000Z",
      "version": "1.13.15",
    },
    {
      "releaseTimestamp": "2020-02-25T00:00:00.000Z",
      "version": "1.14.0",
    },
    {
      "releaseTimestamp": "2020-03-19T00:00:00.000Z",
      "version": "1.14.1",
    },
    {
      "releaseTimestamp": "2020-04-08T00:00:00.000Z",
      "version": "1.14.2",
    },
    {
      "releaseTimestamp": "2020-05-14T00:00:00.000Z",
      "version": "1.14.3",
    },
    {
      "releaseTimestamp": "2020-06-01T00:00:00.000Z",
      "version": "1.14.4",
    },
    {
      "releaseTimestamp": "2020-07-14T00:00:00.000Z",
      "version": "1.14.5",
    },
    {
      "releaseTimestamp": "2020-07-16T00:00:00.000Z",
      "version": "1.14.6",
    },
    {
      "releaseTimestamp": "2020-08-06T00:00:00.000Z",
      "version": "1.14.7",
    },
    {
      "releaseTimestamp": "2020-09-01T00:00:00.000Z",
      "version": "1.14.8",
    },
    {
      "releaseTimestamp": "2020-09-09T00:00:00.000Z",
      "version": "1.14.9",
    },
    {
      "releaseTimestamp": "2020-10-14T00:00:00.000Z",
      "version": "1.14.10",
    },
    {
      "releaseTimestamp": "2020-11-05T00:00:00.000Z",
      "version": "1.14.11",
    },
    {
      "releaseTimestamp": "2020-11-12T00:00:00.000Z",
      "version": "1.14.12",
    },
    {
      "releaseTimestamp": "2020-12-03T00:00:00.000Z",
      "version": "1.14.13",
    },
    {
      "releaseTimestamp": "2021-01-19T00:00:00.000Z",
      "version": "1.14.14",
    },
    {
      "releaseTimestamp": "2021-02-04T00:00:00.000Z",
      "version": "1.14.15",
    },
    {
      "releaseTimestamp": "2020-08-11T00:00:00.000Z",
      "version": "1.15.0",
    },
    {
      "releaseTimestamp": "2020-09-01T00:00:00.000Z",
      "version": "1.15.1",
    },
    {
      "releaseTimestamp": "2020-09-09T00:00:00.000Z",
      "version": "1.15.2",
    },
    {
      "releaseTimestamp": "2020-10-14T00:00:00.000Z",
      "version": "1.15.3",
    },
    {
      "releaseTimestamp": "2020-11-05T00:00:00.000Z",
      "version": "1.15.4",
    },
    {
      "releaseTimestamp": "2020-11-12T00:00:00.000Z",
      "version": "1.15.5",
    },
    {
      "releaseTimestamp": "2020-12-03T00:00:00.000Z",
      "version": "1.15.6",
    },
    {
      "releaseTimestamp": "2021-01-19T00:00:00.000Z",
      "version": "1.15.7",
    },
    {
      "releaseTimestamp": "2021-02-04T00:00:00.000Z",
      "version": "1.15.8",
    },
    {
      "releaseTimestamp": "2021-03-10T00:00:00.000Z",
      "version": "1.15.9",
    },
    {
      "releaseTimestamp": "2021-03-11T00:00:00.000Z",
      "version": "1.15.10",
    },
    {
      "releaseTimestamp": "2021-04-01T00:00:00.000Z",
      "version": "1.15.11",
    },
    {
      "releaseTimestamp": "2021-05-06T00:00:00.000Z",
      "version": "1.15.12",
    },
    {
      "releaseTimestamp": "2021-06-03T00:00:00.000Z",
      "version": "1.15.13",
    },
    {
      "releaseTimestamp": "2021-07-12T00:00:00.000Z",
      "version": "1.15.14",
    },
    {
      "releaseTimestamp": "2021-08-05T00:00:00.000Z",
      "version": "1.15.15",
    },
    {
      "releaseTimestamp": "2021-02-16T00:00:00.000Z",
      "version": "1.16.0",
    },
    {
      "releaseTimestamp": "2021-03-10T00:00:00.000Z",
      "version": "1.16.1",
    },
    {
      "releaseTimestamp": "2021-03-11T00:00:00.000Z",
      "version": "1.16.2",
    },
    {
      "releaseTimestamp": "2021-04-01T00:00:00.000Z",
      "version": "1.16.3",
    },
    {
      "releaseTimestamp": "2021-05-06T00:00:00.000Z",
      "version": "1.16.4",
    },
    {
      "releaseTimestamp": "2021-06-03T00:00:00.000Z",
      "version": "1.16.5",
    },
    {
      "releaseTimestamp": "2021-07-12T00:00:00.000Z",
      "version": "1.16.6",
    },
    {
      "releaseTimestamp": "2021-08-05T00:00:00.000Z",
      "version": "1.16.7",
    },
    {
      "releaseTimestamp": "2021-09-09T00:00:00.000Z",
      "version": "1.16.8",
    },
    {
      "releaseTimestamp": "2021-10-07T00:00:00.000Z",
      "version": "1.16.9",
    },
    {
      "releaseTimestamp": "2021-11-04T00:00:00.000Z",
      "version": "1.16.10",
    },
    {
      "releaseTimestamp": "2021-12-02T00:00:00.000Z",
      "version": "1.16.11",
    },
    {
      "releaseTimestamp": "2021-12-09T00:00:00.000Z",
      "version": "1.16.12",
    },
    {
      "releaseTimestamp": "2022-01-06T00:00:00.000Z",
      "version": "1.16.13",
    },
    {
      "releaseTimestamp": "2022-02-10T00:00:00.000Z",
      "version": "1.16.14",
    },
    {
      "releaseTimestamp": "2022-03-03T00:00:00.000Z",
      "version": "1.16.15",
    },
    {
      "releaseTimestamp": "2021-08-16T00:00:00.000Z",
      "version": "1.17.0",
    },
    {
      "releaseTimestamp": "2021-09-09T00:00:00.000Z",
      "version": "1.17.1",
    },
    {
      "releaseTimestamp": "2021-10-07T00:00:00.000Z",
      "version": "1.17.2",
    },
    {
      "releaseTimestamp": "2021-11-04T00:00:00.000Z",
      "version": "1.17.3",
    },
    {
      "releaseTimestamp": "2021-12-02T00:00:00.000Z",
      "version": "1.17.4",
    },
    {
      "releaseTimestamp": "2021-12-09T00:00:00.000Z",
      "version": "1.17.5",
    },
    {
      "releaseTimestamp": "2022-01-06T00:00:00.000Z",
      "version": "1.17.6",
    },
    {
      "releaseTimestamp": "2022-02-10T00:00:00.000Z",
      "version": "1.17.7",
    },
    {
      "releaseTimestamp": "2022-03-03T00:00:00.000Z",
      "version": "1.17.8",
    },
    {
      "releaseTimestamp": "2022-03-15T00:00:00.000Z",
      "version": "1.18.0",
    },
  ],
  "sourceUrl": "https://github.com/golang/go",
}
`;
