// Jest Snapshot v1, https://goo.gl/fbAQLP

exports[`modules/manager/terraform/extract extractPackageFile() extracts  modules 1`] = `
{
  "deps": [
    {
      "currentValue": "v1.0.0",
      "datasource": "github-tags",
      "depName": "github.com/hashicorp/example",
      "depType": "module",
      "packageName": "hashicorp/example",
    },
    {
      "currentValue": "next",
      "datasource": "github-tags",
      "depName": "github.com/hashicorp/example",
      "depType": "module",
      "packageName": "hashicorp/example",
    },
    {
      "currentValue": "tfmodule_one-v0.0.9",
      "datasource": "github-tags",
      "depName": "github.com/githubuser/myrepo",
      "depType": "module",
      "packageName": "githubuser/myrepo",
    },
    {
      "currentValue": "v1.0.0",
      "datasource": "github-tags",
      "depName": "github.com/hashicorp/example.2.3",
      "depType": "module",
      "packageName": "hashicorp/example.2.3",
    },
    {
      "currentValue": "v1.0.0",
      "datasource": "github-tags",
      "depName": "github.com/hashicorp/example.2.3",
      "depType": "module",
      "packageName": "hashicorp/example.2.3",
    },
    {
      "currentValue": "0.1.0",
      "datasource": "terraform-module",
      "depName": "hashicorp/consul/aws",
      "depType": "module",
    },
    {
      "currentValue": "v2.0.0",
      "datasource": "github-tags",
      "depName": "github.com/hashicorp/example",
      "depType": "module",
      "packageName": "hashicorp/example",
    },
    {
      "currentValue": "~> 1.1.0",
      "datasource": "terraform-module",
      "depName": "app.terraform.io/example-corp/k8s-cluster/azurerm",
      "depType": "module",
      "registryUrls": [
        "https://app.terraform.io",
      ],
    },
    {
      "currentValue": "~> 1.1",
      "datasource": "terraform-module",
      "depName": "app.terraform.io/example-corp/k8s-cluster/azurerm",
      "depType": "module",
      "registryUrls": [
        "https://app.terraform.io",
      ],
    },
    {
      "currentValue": "~~ 1.1",
      "datasource": "terraform-module",
      "depName": "app.terraform.io/example-corp/k8s-cluster/azurerm",
      "depType": "module",
      "registryUrls": [
        "https://app.terraform.io",
      ],
    },
    {
      "currentValue": ">= 1.0.0, <= 2.0.0",
      "datasource": "terraform-module",
      "depName": "hashicorp/consul/aws",
      "depType": "module",
    },
    {
      "currentValue": "v0.1.0",
      "datasource": "github-tags",
      "depName": "github.com/tieto-cem/terraform-aws-ecs-task-definition",
      "depType": "module",
      "packageName": "tieto-cem/terraform-aws-ecs-task-definition",
    },
    {
      "currentValue": "v0.1.0",
      "datasource": "github-tags",
      "depName": "github.com/tieto-cem/terraform-aws-ecs-task-definition",
      "depType": "module",
      "packageName": "tieto-cem/terraform-aws-ecs-task-definition",
    },
    {
      "datasource": "terraform-module",
      "depName": "terraform-aws-modules/security-group/aws",
      "depType": "module",
    },
    {
      "currentValue": "<= 2.4.0",
      "datasource": "terraform-module",
      "depName": "terraform-aws-modules/security-group/aws",
      "depType": "module",
    },
    {
      "currentValue": "1.28.3",
      "datasource": "terraform-module",
      "depName": "particuleio/addons/kubernetes",
      "depType": "module",
    },
    {
      "skipReason": "local",
    },
    {
      "skipReason": "no-source",
    },
  ],
}
`;
