// Jest Snapshot v1, https://goo.gl/fbAQLP

exports[`lib/manager/mix/extract extractPackageFile() extracts all dependencies 1`] = `
Array [
  Object {
    "currentValue": "~> 0.8.1",
    "datasource": "hex",
    "depName": "postgrex",
    "lineNumber": 18,
    "lookupName": "postgrex",
  },
  Object {
    "currentValue": ">2.1.0 or <=3.0.0",
    "datasource": "hex",
    "depName": "ecto",
    "lineNumber": 19,
    "lookupName": "ecto",
  },
  Object {
    "currentValue": "ninenines/cowboy",
    "datasource": "github",
    "depName": "cowboy",
    "lineNumber": 20,
    "skipReason": "non-hex depTypes",
  },
  Object {
    "currentValue": "~> 1.0",
    "datasource": "hex",
    "depName": "secret",
    "lineNumber": 21,
    "lookupName": "secret:acme",
  },
  Object {
    "currentValue": ">2.1.0 and <=3.0.0",
    "datasource": "hex",
    "depName": "ex_doc",
    "lineNumber": 22,
    "lookupName": "ex_doc",
  },
  Object {
    "currentValue": ">= 1.0.0",
    "datasource": "hex",
    "depName": "jason",
    "lineNumber": 24,
    "lookupName": "jason",
  },
  Object {
    "currentValue": "~> 1.0",
    "datasource": "hex",
    "depName": "jason",
    "lineNumber": 24,
    "lookupName": "jason",
  },
]
`;

exports[`lib/manager/mix/extract extractPackageFile() returns empty for invalid dependency file 1`] = `
Object {
  "deps": Array [],
}
`;
