// Jest Snapshot v1, https://goo.gl/fbAQLP

exports[`datasource/gitlab-packages/index getReleases returns package from custom registry 1`] = `
Object {
  "registryUrl": "https://gitlab.com",
  "releases": Array [
    Object {
      "releaseTimestamp": "2020-03-04T18:01:37.000Z",
      "version": "1.0.0",
    },
    Object {
      "releaseTimestamp": "2020-04-04T18:01:37.000Z",
      "version": "v1.1.0",
    },
    Object {
      "releaseTimestamp": "2020-05-04T18:01:37.000Z",
      "version": "v1.1.1",
    },
  ],
}
`;
