// Jest Snapshot v1, https://goo.gl/fbAQLP

exports[`modules/manager/circleci/extract extractPackageFile() extracts image without leading dash 1`] = `
[
  {
    "autoReplaceStringTemplate": "{{depName}}{{#if newValue}}:{{newValue}}{{/if}}{{#if newDigest}}@{{newDigest}}{{/if}}",
    "currentDigest": undefined,
    "currentValue": "14.8.0",
    "datasource": "docker",
    "depName": "cimg/node",
    "depType": "docker",
    "replaceString": "cimg/node:14.8.0",
    "versioning": "docker",
  },
]
`;

exports[`modules/manager/circleci/extract extractPackageFile() extracts multiple image lines 1`] = `
[
  {
    "autoReplaceStringTemplate": "{{depName}}{{#if newValue}}:{{newValue}}{{/if}}{{#if newDigest}}@{{newDigest}}{{/if}}",
    "currentDigest": undefined,
    "currentValue": undefined,
    "datasource": "docker",
    "depName": "node",
    "depType": "docker",
    "replaceString": "node",
    "versioning": "docker",
  },
  {
    "autoReplaceStringTemplate": "{{depName}}{{#if newValue}}:{{newValue}}{{/if}}{{#if newDigest}}@{{newDigest}}{{/if}}",
    "currentDigest": undefined,
    "currentValue": "4",
    "datasource": "docker",
    "depName": "node",
    "depType": "docker",
    "replaceString": "node:4",
    "versioning": "docker",
  },
  {
    "autoReplaceStringTemplate": "{{depName}}{{#if newValue}}:{{newValue}}{{/if}}{{#if newDigest}}@{{newDigest}}{{/if}}",
    "currentDigest": undefined,
    "currentValue": "6",
    "datasource": "docker",
    "depName": "node",
    "depType": "docker",
    "replaceString": "node:6",
    "versioning": "docker",
  },
  {
    "autoReplaceStringTemplate": "{{depName}}{{#if newValue}}:{{newValue}}{{/if}}{{#if newDigest}}@{{newDigest}}{{/if}}",
    "currentDigest": undefined,
    "currentValue": "8.9.0",
    "datasource": "docker",
    "depName": "node",
    "depType": "docker",
    "replaceString": "node:8.9.0",
    "versioning": "docker",
  },
]
`;

exports[`modules/manager/circleci/extract extractPackageFile() extracts orbs too 1`] = `
[
  {
    "commitMessageTopic": "{{{depName}}} orb",
    "currentValue": "4.1.0",
    "datasource": "orb",
    "depName": "release-workflows",
    "depType": "orb",
    "packageName": "hutson/library-release-workflows",
    "rangeStrategy": "pin",
    "versioning": "npm",
  },
  {
    "commitMessageTopic": "{{{depName}}} orb",
    "currentValue": undefined,
    "datasource": "orb",
    "depName": "no-version",
    "depType": "orb",
    "packageName": "abc/def",
    "rangeStrategy": "pin",
    "versioning": "npm",
  },
  {
    "commitMessageTopic": "{{{depName}}} orb",
    "currentValue": "volatile",
    "datasource": "orb",
    "depName": "volatile",
    "depType": "orb",
    "packageName": "zzz/zzz",
    "rangeStrategy": "pin",
    "versioning": "npm",
  },
  {
    "autoReplaceStringTemplate": "{{depName}}{{#if newValue}}:{{newValue}}{{/if}}{{#if newDigest}}@{{newDigest}}{{/if}}",
    "currentDigest": "sha256:3870d35b962a943df72d948580fc66ceaaee1c4fbd205930f32e0f0760eb1077",
    "currentValue": "3.7",
    "datasource": "docker",
    "depName": "python",
    "depType": "docker",
    "replaceString": "python:3.7@sha256:3870d35b962a943df72d948580fc66ceaaee1c4fbd205930f32e0f0760eb1077",
    "versioning": "docker",
  },
  {
    "autoReplaceStringTemplate": "{{depName}}{{#if newValue}}:{{newValue}}{{/if}}{{#if newDigest}}@{{newDigest}}{{/if}}",
    "currentDigest": "sha256:3870d35b962a943df72d948580fc66ceaaee1c4fbd205930f32e0f0760eb1077",
    "currentValue": "3.7",
    "datasource": "docker",
    "depName": "python",
    "depType": "docker",
    "replaceString": "python:3.7@sha256:3870d35b962a943df72d948580fc66ceaaee1c4fbd205930f32e0f0760eb1077",
    "versioning": "docker",
  },
  {
    "autoReplaceStringTemplate": "{{depName}}{{#if newValue}}:{{newValue}}{{/if}}{{#if newDigest}}@{{newDigest}}{{/if}}",
    "currentDigest": "sha256:3870d35b962a943df72d948580fc66ceaaee1c4fbd205930f32e0f0760eb1077",
    "currentValue": "3.7",
    "datasource": "docker",
    "depName": "python",
    "depType": "docker",
    "replaceString": "python:3.7@sha256:3870d35b962a943df72d948580fc66ceaaee1c4fbd205930f32e0f0760eb1077",
    "versioning": "docker",
  },
  {
    "autoReplaceStringTemplate": "{{depName}}{{#if newValue}}:{{newValue}}{{/if}}{{#if newDigest}}@{{newDigest}}{{/if}}",
    "currentDigest": "sha256:3870d35b962a943df72d948580fc66ceaaee1c4fbd205930f32e0f0760eb1077",
    "currentValue": "3.7",
    "datasource": "docker",
    "depName": "python",
    "depType": "docker",
    "replaceString": "python:3.7@sha256:3870d35b962a943df72d948580fc66ceaaee1c4fbd205930f32e0f0760eb1077",
    "versioning": "docker",
  },
  {
    "autoReplaceStringTemplate": "{{depName}}{{#if newValue}}:{{newValue}}{{/if}}{{#if newDigest}}@{{newDigest}}{{/if}}",
    "currentDigest": "sha256:eb6325b75c1c70b4992eaa1bdd29e24e5f14d5324b4714a49f3e67783473214b",
    "currentValue": "3-6",
    "datasource": "docker",
    "depName": "pypy",
    "depType": "docker",
    "replaceString": "pypy:3-6@sha256:eb6325b75c1c70b4992eaa1bdd29e24e5f14d5324b4714a49f3e67783473214b",
    "versioning": "docker",
  },
  {
    "autoReplaceStringTemplate": "{{depName}}{{#if newValue}}:{{newValue}}{{/if}}{{#if newDigest}}@{{newDigest}}{{/if}}",
    "currentDigest": "sha256:3870d35b962a943df72d948580fc66ceaaee1c4fbd205930f32e0f0760eb1077",
    "currentValue": "3.7",
    "datasource": "docker",
    "depName": "python",
    "depType": "docker",
    "replaceString": "python:3.7@sha256:3870d35b962a943df72d948580fc66ceaaee1c4fbd205930f32e0f0760eb1077",
    "versioning": "docker",
  },
]
`;
